// Jest Snapshot v1, https://goo.gl/fbAQLP

exports[`render ResizableBox snapshot default props 1`] = `
<div
  className="react-resizable"
  style={
    {
      "height": "50px",
      "width": "50px",
    }
  }
>
  <span
    className="children"
  />
  <span
    className="test-class-w"
    onMouseDown={[Function]}
    onMouseUp={[Function]}
    onTouchEnd={[Function]}
  />
</div>
`;
